#! /c/Source/iverilog-install/bin/vvp
:ivl_version "12.0 (devel)" "(s20150603-1539-g2693dd32b)";
:ivl_delay_selection "TYPICAL";
:vpi_time_precision - 12;
:vpi_module "C:\iverilog\lib\ivl\system.vpi";
:vpi_module "C:\iverilog\lib\ivl\vhdl_sys.vpi";
:vpi_module "C:\iverilog\lib\ivl\vhdl_textio.vpi";
:vpi_module "C:\iverilog\lib\ivl\v2005_math.vpi";
:vpi_module "C:\iverilog\lib\ivl\va_math.vpi";
S_00000234627dd1f0 .scope module, "tb_top_controller" "tb_top_controller" 2 3;
 .timescale -9 -12;
v0000023462844f20_0 .net "LED", 3 0, v00000234627b28f0_0;  1 drivers
v00000234628445c0_0 .var "M", 0 0;
v0000023462844660_0 .net "S", 1 0, v00000234627b2990_0;  1 drivers
v00000234628443e0_0 .var "clk", 0 0;
v00000234628440c0_0 .var "go", 0 0;
v0000023462844520_0 .var "rst", 0 0;
v0000023462844160_0 .net "sel", 1 0, v00000234627eb9a0_0;  1 drivers
S_00000234627e7810 .scope module, "uut" "top_controller" 2 14, 3 1 0, S_00000234627dd1f0;
 .timescale -9 -12;
    .port_info 0 /INPUT 1 "clk";
    .port_info 1 /INPUT 1 "rst";
    .port_info 2 /INPUT 1 "go";
    .port_info 3 /INPUT 1 "M";
    .port_info 4 /OUTPUT 2 "S";
    .port_info 5 /OUTPUT 4 "LED";
    .port_info 6 /OUTPUT 2 "sel";
v0000023462844de0_0 .net "LED", 3 0, v00000234627b28f0_0;  alias, 1 drivers
v0000023462844e80_0 .net "M", 0 0, v00000234628445c0_0;  1 drivers
v0000023462844340_0 .net "S", 1 0, v00000234627b2990_0;  alias, 1 drivers
v0000023462844a20_0 .net "clk", 0 0, v00000234628443e0_0;  1 drivers
v0000023462844b60_0 .net "go", 0 0, v00000234628440c0_0;  1 drivers
v0000023462844ca0_0 .net "rst", 0 0, v0000023462844520_0;  1 drivers
v0000023462844480_0 .net "sel", 1 0, v00000234627eb9a0_0;  alias, 1 drivers
S_00000234627e79a0 .scope module, "u_controller" "controller_fsm" 3 12, 4 1 0, S_00000234627e7810;
 .timescale -9 -12;
    .port_info 0 /INPUT 2 "S";
    .port_info 1 /INPUT 1 "go";
    .port_info 2 /INPUT 1 "M";
    .port_info 3 /OUTPUT 2 "sel";
v00000234627e7b30_0 .net "M", 0 0, v00000234628445c0_0;  alias, 1 drivers
v00000234627e7bd0_0 .net "S", 1 0, v00000234627b2990_0;  alias, 1 drivers
v00000234627eb900_0 .net "go", 0 0, v00000234628440c0_0;  alias, 1 drivers
v00000234627eb9a0_0 .var "sel", 1 0;
E_00000234627d62f0 .event anyedge, v00000234627eb900_0, v00000234627e7b30_0;
S_00000234627eba40 .scope module, "u_datapath" "datapath" 3 19, 5 1 0, S_00000234627e7810;
 .timescale -9 -12;
    .port_info 0 /INPUT 1 "clk";
    .port_info 1 /INPUT 1 "rst";
    .port_info 2 /INPUT 2 "sel";
    .port_info 3 /OUTPUT 2 "S";
    .port_info 4 /OUTPUT 4 "LED";
L_00000234627d5260 .functor BUFZ 2, v00000234627b2990_0, C4<00>, C4<00>, C4<00>;
v00000234627ebbd0_0 .net "I0", 1 0, L_00000234627d5260;  1 drivers
v00000234627ebc70_0 .net "I1", 1 0, L_0000023462844700;  1 drivers
v00000234627b2850_0 .net "I2", 1 0, L_00000234628447a0;  1 drivers
v00000234627b28f0_0 .var "LED", 3 0;
v00000234627b2990_0 .var "S", 1 0;
L_0000023462845088 .functor BUFT 1, C4<01>, C4<0>, C4<0>, C4<0>;
v00000234627b2a30_0 .net/2u *"_ivl_2", 1 0, L_0000023462845088;  1 drivers
L_00000234628450d0 .functor BUFT 1, C4<01>, C4<0>, C4<0>, C4<0>;
v0000023462844c00_0 .net/2u *"_ivl_6", 1 0, L_00000234628450d0;  1 drivers
v0000023462844980_0 .net "clk", 0 0, v00000234628443e0_0;  alias, 1 drivers
v0000023462844fc0_0 .var "next_S", 1 0;
v0000023462844d40_0 .net "rst", 0 0, v0000023462844520_0;  alias, 1 drivers
v0000023462844ac0_0 .net "sel", 1 0, v00000234627eb9a0_0;  alias, 1 drivers
E_00000234627d5e30 .event anyedge, v00000234627e7bd0_0;
E_00000234627d5a30 .event posedge, v0000023462844d40_0, v0000023462844980_0;
E_00000234627d5d70 .event anyedge, v00000234627eb9a0_0, v00000234627ebbd0_0, v00000234627ebc70_0, v00000234627b2850_0;
L_0000023462844700 .arith/sum 2, v00000234627b2990_0, L_0000023462845088;
L_00000234628447a0 .arith/sub 2, v00000234627b2990_0, L_00000234628450d0;
    .scope S_00000234627e79a0;
T_0 ;
    %wait E_00000234627d62f0;
    %load/vec4 v00000234627eb900_0;
    %cmpi/e 0, 0, 1;
    %jmp/0xz  T_0.0, 4;
    %pushi/vec4 0, 0, 2;
    %store/vec4 v00000234627eb9a0_0, 0, 2;
    %jmp T_0.1;
T_0.0 ;
    %load/vec4 v00000234627e7b30_0;
    %cmpi/e 1, 0, 1;
    %jmp/0xz  T_0.2, 4;
    %pushi/vec4 1, 0, 2;
    %store/vec4 v00000234627eb9a0_0, 0, 2;
    %jmp T_0.3;
T_0.2 ;
    %pushi/vec4 2, 0, 2;
    %store/vec4 v00000234627eb9a0_0, 0, 2;
T_0.3 ;
T_0.1 ;
    %jmp T_0;
    .thread T_0, $push;
    .scope S_00000234627eba40;
T_1 ;
    %wait E_00000234627d5d70;
    %load/vec4 v0000023462844ac0_0;
    %dup/vec4;
    %pushi/vec4 0, 0, 2;
    %cmp/u;
    %jmp/1 T_1.0, 6;
    %dup/vec4;
    %pushi/vec4 1, 0, 2;
    %cmp/u;
    %jmp/1 T_1.1, 6;
    %dup/vec4;
    %pushi/vec4 2, 0, 2;
    %cmp/u;
    %jmp/1 T_1.2, 6;
    %load/vec4 v00000234627ebbd0_0;
    %store/vec4 v0000023462844fc0_0, 0, 2;
    %jmp T_1.4;
T_1.0 ;
    %load/vec4 v00000234627ebbd0_0;
    %store/vec4 v0000023462844fc0_0, 0, 2;
    %jmp T_1.4;
T_1.1 ;
    %load/vec4 v00000234627ebc70_0;
    %store/vec4 v0000023462844fc0_0, 0, 2;
    %jmp T_1.4;
T_1.2 ;
    %load/vec4 v00000234627b2850_0;
    %store/vec4 v0000023462844fc0_0, 0, 2;
    %jmp T_1.4;
T_1.4 ;
    %pop/vec4 1;
    %jmp T_1;
    .thread T_1, $push;
    .scope S_00000234627eba40;
T_2 ;
    %wait E_00000234627d5a30;
    %load/vec4 v0000023462844d40_0;
    %flag_set/vec4 8;
    %jmp/0xz  T_2.0, 8;
    %pushi/vec4 0, 0, 2;
    %assign/vec4 v00000234627b2990_0, 0;
    %jmp T_2.1;
T_2.0 ;
    %load/vec4 v0000023462844fc0_0;
    %assign/vec4 v00000234627b2990_0, 0;
T_2.1 ;
    %jmp T_2;
    .thread T_2;
    .scope S_00000234627eba40;
T_3 ;
    %wait E_00000234627d5e30;
    %load/vec4 v00000234627b2990_0;
    %dup/vec4;
    %pushi/vec4 0, 0, 2;
    %cmp/u;
    %jmp/1 T_3.0, 6;
    %dup/vec4;
    %pushi/vec4 1, 0, 2;
    %cmp/u;
    %jmp/1 T_3.1, 6;
    %dup/vec4;
    %pushi/vec4 2, 0, 2;
    %cmp/u;
    %jmp/1 T_3.2, 6;
    %dup/vec4;
    %pushi/vec4 3, 0, 2;
    %cmp/u;
    %jmp/1 T_3.3, 6;
    %pushi/vec4 1, 0, 4;
    %store/vec4 v00000234627b28f0_0, 0, 4;
    %jmp T_3.5;
T_3.0 ;
    %pushi/vec4 1, 0, 4;
    %store/vec4 v00000234627b28f0_0, 0, 4;
    %jmp T_3.5;
T_3.1 ;
    %pushi/vec4 2, 0, 4;
    %store/vec4 v00000234627b28f0_0, 0, 4;
    %jmp T_3.5;
T_3.2 ;
    %pushi/vec4 4, 0, 4;
    %store/vec4 v00000234627b28f0_0, 0, 4;
    %jmp T_3.5;
T_3.3 ;
    %pushi/vec4 8, 0, 4;
    %store/vec4 v00000234627b28f0_0, 0, 4;
    %jmp T_3.5;
T_3.5 ;
    %pop/vec4 1;
    %jmp T_3;
    .thread T_3, $push;
    .scope S_00000234627dd1f0;
T_4 ;
    %delay 5000, 0;
    %load/vec4 v00000234628443e0_0;
    %inv;
    %store/vec4 v00000234628443e0_0, 0, 1;
    %jmp T_4;
    .thread T_4;
    .scope S_00000234627dd1f0;
T_5 ;
    %vpi_call 2 27 "$dumpfile", "midterm_controller.vcd" {0 0 0};
    %vpi_call 2 28 "$dumpvars", 32'sb00000000000000000000000000000000, S_00000234627dd1f0 {0 0 0};
    %pushi/vec4 0, 0, 1;
    %store/vec4 v00000234628443e0_0, 0, 1;
    %pushi/vec4 1, 0, 1;
    %store/vec4 v0000023462844520_0, 0, 1;
    %pushi/vec4 0, 0, 1;
    %store/vec4 v00000234628440c0_0, 0, 1;
    %pushi/vec4 0, 0, 1;
    %store/vec4 v00000234628445c0_0, 0, 1;
    %delay 10000, 0;
    %pushi/vec4 0, 0, 1;
    %store/vec4 v0000023462844520_0, 0, 1;
    %pushi/vec4 0, 0, 1;
    %store/vec4 v00000234628440c0_0, 0, 1;
    %pushi/vec4 0, 0, 1;
    %store/vec4 v00000234628445c0_0, 0, 1;
    %delay 30000, 0;
    %pushi/vec4 0, 0, 1;
    %store/vec4 v00000234628440c0_0, 0, 1;
    %pushi/vec4 1, 0, 1;
    %store/vec4 v00000234628445c0_0, 0, 1;
    %delay 30000, 0;
    %pushi/vec4 1, 0, 1;
    %store/vec4 v00000234628440c0_0, 0, 1;
    %pushi/vec4 1, 0, 1;
    %store/vec4 v00000234628445c0_0, 0, 1;
    %delay 60000, 0;
    %pushi/vec4 0, 0, 1;
    %store/vec4 v00000234628440c0_0, 0, 1;
    %pushi/vec4 1, 0, 1;
    %store/vec4 v00000234628445c0_0, 0, 1;
    %delay 30000, 0;
    %pushi/vec4 1, 0, 1;
    %store/vec4 v00000234628440c0_0, 0, 1;
    %pushi/vec4 0, 0, 1;
    %store/vec4 v00000234628445c0_0, 0, 1;
    %delay 60000, 0;
    %pushi/vec4 0, 0, 1;
    %store/vec4 v00000234628440c0_0, 0, 1;
    %pushi/vec4 0, 0, 1;
    %store/vec4 v00000234628445c0_0, 0, 1;
    %delay 30000, 0;
    %vpi_call 2 62 "$finish" {0 0 0};
    %end;
    .thread T_5;
    .scope S_00000234627dd1f0;
T_6 ;
    %vpi_call 2 66 "$monitor", "time=%0t | rst=%b go=%b M=%b sel=%b S=%b LED=%b", $time, v0000023462844520_0, v00000234628440c0_0, v00000234628445c0_0, v0000023462844160_0, v0000023462844660_0, v0000023462844f20_0 {0 0 0};
    %end;
    .thread T_6;
# The file index is used to find the file name in the following table.
:file_names 6;
    "N/A";
    "<interactive>";
    "tb_top_controller.v";
    "top_controller.v";
    "controller_fsm.v";
    "datapath.v";
